// Jest Snapshot v1, https://goo.gl/fbAQLP

exports[`<Tooltip /> renders 1`] = `
<div
  class="tooltip-wrapper"
>
  <div>
    it is childeren
  </div>
</div>
`;
