// Jest Snapshot v1, https://goo.gl/fbAQLP

exports[`<Items /> renders 1`] = `
<div
  class="items"
>
  <div
    class="tooltip-wrapper"
  >
    <h4>
      Question List
    </h4>
  </div>
  <ul>
    <div
      class="item"
    >
      <ul>
        <li>
          <div
            class="row"
          >
            <div
              class="col-7 col-md-9"
            >
              <button
                class="w-100 text-left"
                type="button"
              >
                What is your name?
              </button>
              <div
                class="answer "
              >
                My name is Abbas
              </div>
            </div>
            <div
              class="col-5 col-md-3 action"
            >
              <button
                type="button"
              >
                Edit
              </button>
              <span>
                 | 
              </span>
              <button
                type="button"
              >
                Delete
              </button>
            </div>
          </div>
        </li>
      </ul>
    </div>
  </ul>
</div>
`;
